------------------------------------------------------------------------

An execution plan has been generated and is shown below.
Resource actions are indicated with the following symbols:
  ~ update in-place

Terraform will perform the following actions:

  # module.my-project.google_project_services.gcp_enabled_services[0] will be destroyed
  - resource "google_project_services" "gcp_enabled_services" {
      - disable_on_destroy = false -> null
      - id                 = "my-project" -> null
      - project            = "my-project" -> null
      - services           = [
          - "appengine.googleapis.com",
          - "audit.googleapis.com",
        ] -> null

      - timeouts {}
    }

Plan: 0 to add, 0 to change, 1 to destroy.