------------------------------------------------------------------------

An execution plan has been generated and is shown below.
Resource actions are indicated with the following symbols:
  - destroy

Terraform will perform the following actions:

# module.mymodule.kubernetes_role_binding.user_is_view will be destroyed
  - resource "kubernetes_role_binding" "user_is_view" {
      - id = "my-namespace/user_is_view" -> null

      - metadata {
          - annotations      = {
              - "encoded" = jsonencode(
                    {
                      - apiVersion = "rbac.authorization.k8s.io/v1"
                      - kind       = "RoleBinding"
                      - metadata   = {
                          - annotations       = {
                              - my-annotation = "annot"
                            }
                          - creationTimestamp = null
                          - labels            = {
                              - my-label = "label"
                            }
                          - name      = "user-is-view" -> null
                          - namespace = "my-namespace" -> null
                        }
                      - roleRef    = {
                          - apiGroup = "rbac.authorization.k8s.io"
                          - kind     = "ClusterRole"
                          - name     = "view"
                        }
                      - subjects   = [
                          - {
                              - apiGroup = "rbac.authorization.k8s.io"
                              - kind     = "User"
                              - name     = "user@email.com"
                            },
                        ]
                    }
                )
            } -> null
          - generation       = 0 -> null
          - labels           = {} -> null
          - name             = "user-is-view" -> null
          - namespace        = "my-namespace" -> null
          - resource_version = "123" -> null
          - self_link        = "/apis/rbac.authorization.k8s.io/v1/namespaces/my-namespace/rolebindings/user-is-view" -> null
          - uid              = "some-uid" -> null
        }

      - role_ref {
          - api_group = "rbac.authorization.k8s.io"
          - kind      = "ClusterRole"
          - name      = "view"
        }

      - subject {
          - api_group = "rbac.authorization.k8s.io"
          - kind      = "User"
          - name      = "user@email.com"
        }
    }

Plan: 0 to add, 0 to change, 1 to destroy.