------------------------------------------------------------------------

An execution plan has been generated and is shown below.
Resource actions are indicated with the following symbols:
  ~ update in-place

Terraform will perform the following actions:

  # module.mymodule.kubernetes_namespace.mynamespace will be updated in-place
  ~ resource "kubernetes_namespace" "mynamespace" {
        id = "namespace-id"

      ~ metadata {
            annotations      = {}
            generation       = 0
          ~ labels           = {
                "label"    = "value"
                "other"    = "label"
              + "newLabel" = "newLabel"
            }
            name             = "my-namespace"
            resource_version = "123"
            self_link        = "/api/v1/namespaces/my-namespace"
            uid              = "some-uid-123"
        }

        timeouts {}
    }

Plan: 0 to add, 1 to change, 0 to destroy.